Archive member included to satisfy reference by file (symbol)

c:/progra~2/gnuarm~1/102021~1.10/bin/../lib/gcc/arm-none-eabi/10.3.1/thumb/v7-m/nofp\libgcc.a(_arm_mulsf3.o)
                              CMakeFiles/ChromeDino.elf.dir/Core/Src/main.c.obj (__aeabi_fmul)
c:/progra~2/gnuarm~1/102021~1.10/bin/../lib/gcc/arm-none-eabi/10.3.1/thumb/v7-m/nofp\libgcc.a(_arm_addsubdf3.o)
                              CMakeFiles/ChromeDino.elf.dir/Core/Src/main.c.obj (__aeabi_f2d)
c:/progra~2/gnuarm~1/102021~1.10/bin/../lib/gcc/arm-none-eabi/10.3.1/thumb/v7-m/nofp\libgcc.a(_arm_cmpdf2.o)
                              CMakeFiles/ChromeDino.elf.dir/Core/Src/main.c.obj (__aeabi_dcmplt)
c:/progra~2/gnuarm~1/102021~1.10/bin/../lib/gcc/arm-none-eabi/10.3.1/thumb/v7-m/nofp\libgcc.a(_arm_addsubsf3.o)
                              CMakeFiles/ChromeDino.elf.dir/Core/Src/main.c.obj (__aeabi_ui2f)
c:/progra~2/gnuarm~1/102021~1.10/bin/../lib/gcc/arm-none-eabi/10.3.1/thumb/v7-m/nofp\libgcc.a(_arm_muldivsf3.o)
                              CMakeFiles/ChromeDino.elf.dir/Core/Src/main.c.obj (__aeabi_fdiv)
c:/progra~2/gnuarm~1/102021~1.10/bin/../lib/gcc/arm-none-eabi/10.3.1/../../../../arm-none-eabi/lib/thumb/v7-m/nofp\libg.a(lib_a-errno.o)
                              CMakeFiles/ChromeDino.elf.dir/Core/Src/syscalls.c.obj (__errno)
c:/progra~2/gnuarm~1/102021~1.10/bin/../lib/gcc/arm-none-eabi/10.3.1/../../../../arm-none-eabi/lib/thumb/v7-m/nofp\libg.a(lib_a-exit.o)
                              c:/progra~2/gnuarm~1/102021~1.10/bin/../lib/gcc/arm-none-eabi/10.3.1/../../../../arm-none-eabi/lib/thumb/v7-m/nofp/crt0.o (exit)
c:/progra~2/gnuarm~1/102021~1.10/bin/../lib/gcc/arm-none-eabi/10.3.1/../../../../arm-none-eabi/lib/thumb/v7-m/nofp\libg.a(lib_a-impure.o)
                              c:/progra~2/gnuarm~1/102021~1.10/bin/../lib/gcc/arm-none-eabi/10.3.1/../../../../arm-none-eabi/lib/thumb/v7-m/nofp\libg.a(lib_a-exit.o) (_global_impure_ptr)
c:/progra~2/gnuarm~1/102021~1.10/bin/../lib/gcc/arm-none-eabi/10.3.1/../../../../arm-none-eabi/lib/thumb/v7-m/nofp\libg.a(lib_a-init.o)
                              c:/progra~2/gnuarm~1/102021~1.10/bin/../lib/gcc/arm-none-eabi/10.3.1/../../../../arm-none-eabi/lib/thumb/v7-m/nofp/crt0.o (__libc_init_array)
c:/progra~2/gnuarm~1/102021~1.10/bin/../lib/gcc/arm-none-eabi/10.3.1/../../../../arm-none-eabi/lib/thumb/v7-m/nofp\libg.a(lib_a-memset.o)
                              c:/progra~2/gnuarm~1/102021~1.10/bin/../lib/gcc/arm-none-eabi/10.3.1/../../../../arm-none-eabi/lib/thumb/v7-m/nofp/crt0.o (memset)
c:/progra~2/gnuarm~1/102021~1.10/bin/../lib/gcc/arm-none-eabi/10.3.1/../../../../arm-none-eabi/lib/thumb/v7-m/nofp\libg.a(lib_a-__call_atexit.o)
                              c:/progra~2/gnuarm~1/102021~1.10/bin/../lib/gcc/arm-none-eabi/10.3.1/../../../../arm-none-eabi/lib/thumb/v7-m/nofp\libg.a(lib_a-exit.o) (__call_exitprocs)
c:/progra~2/gnuarm~1/102021~1.10/bin/../lib/gcc/arm-none-eabi/10.3.1/../../../../arm-none-eabi/lib/thumb/v7-m/nofp\libg.a(lib_a-atexit.o)
                              c:/progra~2/gnuarm~1/102021~1.10/bin/../lib/gcc/arm-none-eabi/10.3.1/../../../../arm-none-eabi/lib/thumb/v7-m/nofp\libg.a(lib_a-__call_atexit.o) (atexit)
c:/progra~2/gnuarm~1/102021~1.10/bin/../lib/gcc/arm-none-eabi/10.3.1/../../../../arm-none-eabi/lib/thumb/v7-m/nofp\libg.a(lib_a-fini.o)
                              c:/progra~2/gnuarm~1/102021~1.10/bin/../lib/gcc/arm-none-eabi/10.3.1/../../../../arm-none-eabi/lib/thumb/v7-m/nofp\libg.a(lib_a-__call_atexit.o) (__libc_fini_array)
c:/progra~2/gnuarm~1/102021~1.10/bin/../lib/gcc/arm-none-eabi/10.3.1/../../../../arm-none-eabi/lib/thumb/v7-m/nofp\libg.a(lib_a-lock.o)
                              c:/progra~2/gnuarm~1/102021~1.10/bin/../lib/gcc/arm-none-eabi/10.3.1/../../../../arm-none-eabi/lib/thumb/v7-m/nofp\libg.a(lib_a-__call_atexit.o) (__retarget_lock_acquire_recursive)
c:/progra~2/gnuarm~1/102021~1.10/bin/../lib/gcc/arm-none-eabi/10.3.1/../../../../arm-none-eabi/lib/thumb/v7-m/nofp\libg.a(lib_a-__atexit.o)
                              c:/progra~2/gnuarm~1/102021~1.10/bin/../lib/gcc/arm-none-eabi/10.3.1/../../../../arm-none-eabi/lib/thumb/v7-m/nofp\libg.a(lib_a-atexit.o) (__register_exitproc)

Discarded input sections

 .text          0x00000000        0x0 c:/progra~2/gnuarm~1/102021~1.10/bin/../lib/gcc/arm-none-eabi/10.3.1/thumb/v7-m/nofp/crti.o
 .data          0x00000000        0x0 c:/progra~2/gnuarm~1/102021~1.10/bin/../lib/gcc/arm-none-eabi/10.3.1/thumb/v7-m/nofp/crti.o
 .bss           0x00000000        0x0 c:/progra~2/gnuarm~1/102021~1.10/bin/../lib/gcc/arm-none-eabi/10.3.1/thumb/v7-m/nofp/crti.o
 .data          0x00000000        0x4 c:/progra~2/gnuarm~1/102021~1.10/bin/../lib/gcc/arm-none-eabi/10.3.1/thumb/v7-m/nofp/crtbegin.o
 .rodata        0x00000000       0x24 c:/progra~2/gnuarm~1/102021~1.10/bin/../lib/gcc/arm-none-eabi/10.3.1/thumb/v7-m/nofp/crtbegin.o
[...]
Memory Configuration

Name             Origin             Length             Attributes
RAM              0x20000000         0x00005000         xrw
FLASH            0x08000000         0x00010000         xr
*default*        0x00000000         0xffffffff

Linker script and memory map

LOAD c:/progra~2/gnuarm~1/102021~1.10/bin/../lib/gcc/arm-none-eabi/10.3.1/thumb/v7-m/nofp/crti.o
LOAD c:/progra~2/gnuarm~1/102021~1.10/bin/../lib/gcc/arm-none-eabi/10.3.1/thumb/v7-m/nofp/crtbegin.o
LOAD c:/progra~2/gnuarm~1/102021~1.10/bin/../lib/gcc/arm-none-eabi/10.3.1/../../../../arm-none-eabi/lib/thumb/v7-m/nofp/crt0.o
LOAD CMakeFiles/ChromeDino.elf.dir/Core/Src/adc.c.obj
LOAD CMakeFiles/ChromeDino.elf.dir/Core/Src/gpio.c.obj
LOAD CMakeFiles/ChromeDino.elf.dir/Core/Src/main.c.obj
LOAD CMakeFiles/ChromeDino.elf.dir/Core/Src/stm32f1xx_hal_msp.c.obj
LOAD CMakeFiles/ChromeDino.elf.dir/Core/Src/stm32f1xx_it.c.obj
LOAD CMakeFiles/ChromeDino.elf.dir/Core/Src/syscalls.c.obj
LOAD CMakeFiles/ChromeDino.elf.dir/Core/Src/sysmem.c.obj
LOAD CMakeFiles/ChromeDino.elf.dir/Core/Src/system_stm32f1xx.c.obj
LOAD CMakeFiles/ChromeDino.elf.dir/Core/Src/tim.c.obj
LOAD CMakeFiles/ChromeDino.elf.dir/Core/Startup/startup_stm32f103c8tx.s.obj
LOAD CMakeFiles/ChromeDino.elf.dir/Drivers/STM32F1xx_HAL_Driver/Src/stm32f1xx_hal.c.obj
LOAD CMakeFiles/ChromeDino.elf.dir/Drivers/STM32F1xx_HAL_Driver/Src/stm32f1xx_hal_adc.c.obj
LOAD CMakeFiles/ChromeDino.elf.dir/Drivers/STM32F1xx_HAL_Driver/Src/stm32f1xx_hal_adc_ex.c.obj
LOAD CMakeFiles/ChromeDino.elf.dir/Drivers/STM32F1xx_HAL_Driver/Src/stm32f1xx_hal_cortex.c.obj
LOAD CMakeFiles/ChromeDino.elf.dir/Drivers/STM32F1xx_HAL_Driver/Src/stm32f1xx_hal_dma.c.obj
LOAD CMakeFiles/ChromeDino.elf.dir/Drivers/STM32F1xx_HAL_Driver/Src/stm32f1xx_hal_exti.c.obj
LOAD CMakeFiles/ChromeDino.elf.dir/Drivers/STM32F1xx_HAL_Driver/Src/stm32f1xx_hal_flash.c.obj
LOAD CMakeFiles/ChromeDino.elf.dir/Drivers/STM32F1xx_HAL_Driver/Src/stm32f1xx_hal_flash_ex.c.obj
LOAD CMakeFiles/ChromeDino.elf.dir/Drivers/STM32F1xx_HAL_Driver/Src/stm32f1xx_hal_gpio.c.obj
LOAD CMakeFiles/ChromeDino.elf.dir/Drivers/STM32F1xx_HAL_Driver/Src/stm32f1xx_hal_gpio_ex.c.obj
LOAD CMakeFiles/ChromeDino.elf.dir/Drivers/STM32F1xx_HAL_Driver/Src/stm32f1xx_hal_pwr.c.obj
LOAD CMakeFiles/ChromeDino.elf.dir/Drivers/STM32F1xx_HAL_Driver/Src/stm32f1xx_hal_rcc.c.obj
LOAD CMakeFiles/ChromeDino.elf.dir/Drivers/STM32F1xx_HAL_Driver/Src/stm32f1xx_hal_rcc_ex.c.obj
LOAD CMakeFiles/ChromeDino.elf.dir/Drivers/STM32F1xx_HAL_Driver/Src/stm32f1xx_hal_tim.c.obj
LOAD CMakeFiles/ChromeDino.elf.dir/Drivers/STM32F1xx_HAL_Driver/Src/stm32f1xx_hal_tim_ex.c.obj
START GROUP
LOAD c:/progra~2/gnuarm~1/102021~1.10/bin/../lib/gcc/arm-none-eabi/10.3.1/thumb/v7-m/nofp\libgcc.a
LOAD c:/progra~2/gnuarm~1/102021~1.10/bin/../lib/gcc/arm-none-eabi/10.3.1/../../../../arm-none-eabi/lib/thumb/v7-m/nofp\libg.a
LOAD c:/progra~2/gnuarm~1/102021~1.10/bin/../lib/gcc/arm-none-eabi/10.3.1/../../../../arm-none-eabi/lib/thumb/v7-m/nofp\libc.a
END GROUP
LOAD c:/progra~2/gnuarm~1/102021~1.10/bin/../lib/gcc/arm-none-eabi/10.3.1/thumb/v7-m/nofp/crtend.o
LOAD c:/progra~2/gnuarm~1/102021~1.10/bin/../lib/gcc/arm-none-eabi/10.3.1/thumb/v7-m/nofp/crtn.o
                0x20005000                _estack = (ORIGIN (RAM) + LENGTH (RAM))
                0x00000200                _Min_Heap_Size = 0x200
                0x00000400                _Min_Stack_Size = 0x400

.isr_vector     0x08000000      0x10c
                0x08000000                . = ALIGN (0x4)
 *(.isr_vector)
 .isr_vector    0x08000000      0x10c CMakeFiles/ChromeDino.elf.dir/Core/Startup/startup_stm32f103c8tx.s.obj
                0x08000000                g_pfnVectors
                0x0800010c                . = ALIGN (0x4)

.text           0x08000110     0x2a10
                0x08000110                . = ALIGN (0x4)
 *(.text)
 .text          0x08000110       0x40 c:/progra~2/gnuarm~1/102021~1.10/bin/../lib/gcc/arm-none-eabi/10.3.1/thumb/v7-m/nofp/crtbegin.o
 .text          0x08000150      0x378 c:/progra~2/gnuarm~1/102021~1.10/bin/../lib/gcc/arm-none-eabi/10.3.1/thumb/v7-m/nofp\libgcc.a(_arm_addsubdf3.o)
                0x08000150                __aeabi_drsub
                0x08000158                __aeabi_dsub
                0x08000158                __subdf3
                0x0800015c                __aeabi_dadd
                0x0800015c                __adddf3
                0x080003d4                __floatunsidf
                0x080003d4                __aeabi_ui2d
                0x080003f4                __floatsidf
                0x080003f4                __aeabi_i2d
                0x08000418                __aeabi_f2d
                0x08000418                __extendsfdf2
                0x0800045c                __floatundidf
                0x0800045c                __aeabi_ul2d
                0x0800046c                __floatdidf
                0x0800046c                __aeabi_l2d
 .text          0x080004c8      0x110 c:/progra~2/gnuarm~1/102021~1.10/bin/../lib/gcc/arm-none-eabi/10.3.1/thumb/v7-m/nofp\libgcc.a(_arm_cmpdf2.o)
                0x080004c8                __gtdf2
                0x080004c8                __gedf2
                0x080004d0                __ltdf2
                0x080004d0                __ledf2
                0x080004d8                __nedf2
                0x080004d8                __eqdf2
                0x080004d8                __cmpdf2
                0x08000554                __aeabi_cdrcmple
                0x08000564                __aeabi_cdcmpeq
                0x08000564                __aeabi_cdcmple
                0x08000574                __aeabi_dcmpeq
                0x08000588                __aeabi_dcmplt
                0x0800059c                __aeabi_dcmple
                0x080005b0                __aeabi_dcmpge
                0x080005c4                __aeabi_dcmpgt
 .text          0x080005d8      0x21c c:/progra~2/gnuarm~1/102021~1.10/bin/../lib/gcc/arm-none-eabi/10.3.1/thumb/v7-m/nofp\libgcc.a(_arm_addsubsf3.o)
                0x080005d8                __aeabi_frsub
                0x080005e0                __subsf3
                0x080005e0                __aeabi_fsub
                0x080005e4                __aeabi_fadd
                0x080005e4                __addsf3
                0x08000744                __aeabi_ui2f
                0x08000744                __floatunsisf
                0x0800074c                __aeabi_i2f
                0x0800074c                __floatsisf
                0x08000768                __aeabi_ul2f
                0x08000768                __floatundisf
                0x08000778                __aeabi_l2f
                0x08000778                __floatdisf
 .text          0x080007f4      0x2a0 c:/progra~2/gnuarm~1/102021~1.10/bin/../lib/gcc/arm-none-eabi/10.3.1/thumb/v7-m/nofp\libgcc.a(_arm_muldivsf3.o)
                0x080007f4                __mulsf3
                0x080007f4                __aeabi_fmul
                0x0800095c                __aeabi_fdiv
                0x0800095c                __divsf3
 *(.text*)
 .text.MX_ADC1_Init
                0x08000a94       0x58 CMakeFiles/ChromeDino.elf.dir/Core/Src/adc.c.obj
                0x08000a94                MX_ADC1_Init
 .text.HAL_ADC_MspInit
                0x08000aec       0x60 CMakeFiles/ChromeDino.elf.dir/Core/Src/adc.c.obj
                0x08000aec                HAL_ADC_MspInit
 .text.MX_GPIO_Init
                0x08000b4c       0x30 CMakeFiles/ChromeDino.elf.dir/Core/Src/gpio.c.obj
                0x08000b4c                MX_GPIO_Init
 .text.down     0x08000b7c       0x1c CMakeFiles/ChromeDino.elf.dir/Core/Src/main.c.obj
                0x08000b7c                down
 .text.up       0x08000b98       0x10 CMakeFiles/ChromeDino.elf.dir/Core/Src/main.c.obj
                0x08000b98                up
 .text.HAL_TIM_PeriodElapsedCallback
                0x08000ba8       0x80 CMakeFiles/ChromeDino.elf.dir/Core/Src/main.c.obj
                0x08000ba8                HAL_TIM_PeriodElapsedCallback
 .text.Error_Handler
                0x08000c28        0x4 CMakeFiles/ChromeDino.elf.dir/Core/Src/main.c.obj
                0x08000c28                Error_Handler
 .text.SystemClock_Config
                0x08000c2c       0x84 CMakeFiles/ChromeDino.elf.dir/Core/Src/main.c.obj
                0x08000c2c                SystemClock_Config
 .text.main     0x08000cb0       0x80 CMakeFiles/ChromeDino.elf.dir/Core/Src/main.c.obj
                0x08000cb0                main
 .text.HAL_MspInit
                0x08000d30       0x44 CMakeFiles/ChromeDino.elf.dir/Core/Src/stm32f1xx_hal_msp.c.obj
                0x08000d30                HAL_MspInit
 .text.NMI_Handler
                0x08000d74        0x2 CMakeFiles/ChromeDino.elf.dir/Core/Src/stm32f1xx_it.c.obj
                0x08000d74                NMI_Handler
 .text.HardFault_Handler
                0x08000d76        0x2 CMakeFiles/ChromeDino.elf.dir/Core/Src/stm32f1xx_it.c.obj
                0x08000d76                HardFault_Handler
 .text.MemManage_Handler
                0x08000d78        0x2 CMakeFiles/ChromeDino.elf.dir/Core/Src/stm32f1xx_it.c.obj
                0x08000d78                MemManage_Handler
 .text.BusFault_Handler
                0x08000d7a        0x2 CMakeFiles/ChromeDino.elf.dir/Core/Src/stm32f1xx_it.c.obj
                0x08000d7a                BusFault_Handler
 .text.UsageFault_Handler
                0x08000d7c        0x2 CMakeFiles/ChromeDino.elf.dir/Core/Src/stm32f1xx_it.c.obj
                0x08000d7c                UsageFault_Handler
 .text.SVC_Handler
                0x08000d7e        0x2 CMakeFiles/ChromeDino.elf.dir/Core/Src/stm32f1xx_it.c.obj
                0x08000d7e                SVC_Handler
 .text.DebugMon_Handler
                0x08000d80        0x2 CMakeFiles/ChromeDino.elf.dir/Core/Src/stm32f1xx_it.c.obj
                0x08000d80                DebugMon_Handler
 .text.PendSV_Handler
                0x08000d82        0x2 CMakeFiles/ChromeDino.elf.dir/Core/Src/stm32f1xx_it.c.obj
                0x08000d82                PendSV_Handler
 .text.SysTick_Handler
                0x08000d84        0x8 CMakeFiles/ChromeDino.elf.dir/Core/Src/stm32f1xx_it.c.obj
                0x08000d84                SysTick_Handler
 .text.TIM2_IRQHandler
                0x08000d8c       0x10 CMakeFiles/ChromeDino.elf.dir/Core/Src/stm32f1xx_it.c.obj
                0x08000d8c                TIM2_IRQHandler
 .text.SystemInit
                0x08000d9c        0x2 CMakeFiles/ChromeDino.elf.dir/Core/Src/system_stm32f1xx.c.obj
                0x08000d9c                SystemInit
 *fill*         0x08000d9e        0x2 
 .text.MX_TIM2_Init
                0x08000da0       0x70 CMakeFiles/ChromeDino.elf.dir/Core/Src/tim.c.obj
                0x08000da0                MX_TIM2_Init
 .text.HAL_TIM_Base_MspInit
                0x08000e10       0x3a CMakeFiles/ChromeDino.elf.dir/Core/Src/tim.c.obj
                0x08000e10                HAL_TIM_Base_MspInit
 *fill*         0x08000e4a        0x2 
 .text.HAL_TIM_PWM_MspInit
                0x08000e4c       0x2c CMakeFiles/ChromeDino.elf.dir/Core/Src/tim.c.obj
                0x08000e4c                HAL_TIM_PWM_MspInit
 .text.HAL_TIM_MspPostInit
                0x08000e78       0x50 CMakeFiles/ChromeDino.elf.dir/Core/Src/tim.c.obj
                0x08000e78                HAL_TIM_MspPostInit
 .text.MX_TIM3_Init
                0x08000ec8       0x84 CMakeFiles/ChromeDino.elf.dir/Core/Src/tim.c.obj
                0x08000ec8                MX_TIM3_Init
 .text.Reset_Handler
                0x08000f4c       0x48 CMakeFiles/ChromeDino.elf.dir/Core/Startup/startup_stm32f103c8tx.s.obj
                0x08000f4c                Reset_Handler
 .text.Default_Handler
                0x08000f94        0x2 CMakeFiles/ChromeDino.elf.dir/Core/Startup/startup_stm32f103c8tx.s.obj
                0x08000f94                RTC_Alarm_IRQHandler
                0x08000f94                EXTI2_IRQHandler
                0x08000f94                TIM1_CC_IRQHandler
                0x08000f94                PVD_IRQHandler
                0x08000f94                EXTI3_IRQHandler
                0x08000f94                EXTI0_IRQHandler
                0x08000f94                I2C2_EV_IRQHandler
                0x08000f94                ADC1_2_IRQHandler
                0x08000f94                SPI1_IRQHandler
                0x08000f94                TAMPER_IRQHandler
                0x08000f94                DMA1_Channel4_IRQHandler
                0x08000f94                USART3_IRQHandler
                0x08000f94                RTC_IRQHandler
                0x08000f94                DMA1_Channel7_IRQHandler
                0x08000f94                CAN1_RX1_IRQHandler
                0x08000f94                TIM4_IRQHandler
                0x08000f94                I2C1_EV_IRQHandler
                0x08000f94                DMA1_Channel6_IRQHandler
                0x08000f94                TIM3_IRQHandler
                0x08000f94                RCC_IRQHandler
                0x08000f94                TIM1_TRG_COM_IRQHandler
                0x08000f94                DMA1_Channel1_IRQHandler
                0x08000f94                Default_Handler
                0x08000f94                EXTI15_10_IRQHandler
                0x08000f94                EXTI9_5_IRQHandler
                0x08000f94                SPI2_IRQHandler
                0x08000f94                DMA1_Channel5_IRQHandler
                0x08000f94                EXTI4_IRQHandler
                0x08000f94                USB_LP_CAN1_RX0_IRQHandler
                0x08000f94                USB_HP_CAN1_TX_IRQHandler
                0x08000f94                DMA1_Channel3_IRQHandler
                0x08000f94                TIM1_UP_IRQHandler
                0x08000f94                WWDG_IRQHandler
                0x08000f94                TIM1_BRK_IRQHandler
                0x08000f94                EXTI1_IRQHandler
                0x08000f94                USART2_IRQHandler
                0x08000f94                I2C2_ER_IRQHandler
                0x08000f94                DMA1_Channel2_IRQHandler
                0x08000f94                CAN1_SCE_IRQHandler
                0x08000f94                FLASH_IRQHandler
                0x08000f94                USART1_IRQHandler
                0x08000f94                I2C1_ER_IRQHandler
                0x08000f94                USBWakeUp_IRQHandler
 *fill*         0x08000f96        0x2 
 .text.HAL_InitTick
                0x08000f98       0x4c CMakeFiles/ChromeDino.elf.dir/Drivers/STM32F1xx_HAL_Driver/Src/stm32f1xx_hal.c.obj
                0x08000f98                HAL_InitTick
 .text.HAL_Init
                0x08000fe4       0x24 CMakeFiles/ChromeDino.elf.dir/Drivers/STM32F1xx_HAL_Driver/Src/stm32f1xx_hal.c.obj
                0x08000fe4                HAL_Init
 .text.HAL_IncTick
                0x08001008       0x18 CMakeFiles/ChromeDino.elf.dir/Drivers/STM32F1xx_HAL_Driver/Src/stm32f1xx_hal.c.obj
                0x08001008                HAL_IncTick
 .text.HAL_GetTick
                0x08001020        0xc CMakeFiles/ChromeDino.elf.dir/Drivers/STM32F1xx_HAL_Driver/Src/stm32f1xx_hal.c.obj
                0x08001020                HAL_GetTick
 .text.HAL_ADC_PollForConversion
                0x0800102c      0x184 CMakeFiles/ChromeDino.elf.dir/Drivers/STM32F1xx_HAL_Driver/Src/stm32f1xx_hal_adc.c.obj
                0x0800102c                HAL_ADC_PollForConversion
 .text.HAL_ADC_GetValue
                0x080011b0        0x6 CMakeFiles/ChromeDino.elf.dir/Drivers/STM32F1xx_HAL_Driver/Src/stm32f1xx_hal_adc.c.obj
                0x080011b0                HAL_ADC_GetValue
 *fill*         0x080011b6        0x2 
 .text.HAL_ADC_ConfigChannel
                0x080011b8      0x144 CMakeFiles/ChromeDino.elf.dir/Drivers/STM32F1xx_HAL_Driver/Src/stm32f1xx_hal_adc.c.obj
                0x080011b8                HAL_ADC_ConfigChannel
 .text.ADC_Enable
                0x080012fc       0x88 CMakeFiles/ChromeDino.elf.dir/Drivers/STM32F1xx_HAL_Driver/Src/stm32f1xx_hal_adc.c.obj
                0x080012fc                ADC_Enable
 .text.HAL_ADC_Start
                0x08001384       0xe8 CMakeFiles/ChromeDino.elf.dir/Drivers/STM32F1xx_HAL_Driver/Src/stm32f1xx_hal_adc.c.obj
                0x08001384                HAL_ADC_Start
 .text.ADC_ConversionStop_Disable
                0x0800146c       0x56 CMakeFiles/ChromeDino.elf.dir/Drivers/STM32F1xx_HAL_Driver/Src/stm32f1xx_hal_adc.c.obj
                0x0800146c                ADC_ConversionStop_Disable
 *fill*         0x080014c2        0x2 
 .text.HAL_ADC_Init
                0x080014c4      0x108 CMakeFiles/ChromeDino.elf.dir/Drivers/STM32F1xx_HAL_Driver/Src/stm32f1xx_hal_adc.c.obj
                0x080014c4                HAL_ADC_Init
 .text.HAL_ADC_Stop
                0x080015cc       0x34 CMakeFiles/ChromeDino.elf.dir/Drivers/STM32F1xx_HAL_Driver/Src/stm32f1xx_hal_adc.c.obj
                0x080015cc                HAL_ADC_Stop
 .text.HAL_NVIC_SetPriorityGrouping
                0x08001600       0x24 CMakeFiles/ChromeDino.elf.dir/Drivers/STM32F1xx_HAL_Driver/Src/stm32f1xx_hal_cortex.c.obj
                0x08001600                HAL_NVIC_SetPriorityGrouping
 .text.HAL_NVIC_SetPriority
                0x08001624       0x70 CMakeFiles/ChromeDino.elf.dir/Drivers/STM32F1xx_HAL_Driver/Src/stm32f1xx_hal_cortex.c.obj
                0x08001624                HAL_NVIC_SetPriority
 .text.HAL_NVIC_EnableIRQ
                0x08001694       0x1c CMakeFiles/ChromeDino.elf.dir/Drivers/STM32F1xx_HAL_Driver/Src/stm32f1xx_hal_cortex.c.obj
                0x08001694                HAL_NVIC_EnableIRQ
 .text.HAL_SYSTICK_Config
                0x080016b0       0x28 CMakeFiles/ChromeDino.elf.dir/Drivers/STM32F1xx_HAL_Driver/Src/stm32f1xx_hal_cortex.c.obj
                0x080016b0                HAL_SYSTICK_Config
 .text.HAL_GPIO_Init
                0x080016d8      0x224 CMakeFiles/ChromeDino.elf.dir/Drivers/STM32F1xx_HAL_Driver/Src/stm32f1xx_hal_gpio.c.obj
                0x080016d8                HAL_GPIO_Init
 .text.RCC_Delay
                0x080018fc       0x2c CMakeFiles/ChromeDino.elf.dir/Drivers/STM32F1xx_HAL_Driver/Src/stm32f1xx_hal_rcc.c.obj
 .text.HAL_RCC_OscConfig
                0x08001928      0x410 CMakeFiles/ChromeDino.elf.dir/Drivers/STM32F1xx_HAL_Driver/Src/stm32f1xx_hal_rcc.c.obj
                0x08001928                HAL_RCC_OscConfig
 .text.HAL_RCC_GetSysClockFreq
                0x08001d38       0x54 CMakeFiles/ChromeDino.elf.dir/Drivers/STM32F1xx_HAL_Driver/Src/stm32f1xx_hal_rcc.c.obj
                0x08001d38                HAL_RCC_GetSysClockFreq
 .text.HAL_RCC_ClockConfig
                0x08001d8c      0x16c CMakeFiles/ChromeDino.elf.dir/Drivers/STM32F1xx_HAL_Driver/Src/stm32f1xx_hal_rcc.c.obj
                0x08001d8c                HAL_RCC_ClockConfig
 .text.HAL_RCC_GetHCLKFreq
                0x08001ef8        0xc CMakeFiles/ChromeDino.elf.dir/Drivers/STM32F1xx_HAL_Driver/Src/stm32f1xx_hal_rcc.c.obj
                0x08001ef8                HAL_RCC_GetHCLKFreq
 .text.HAL_RCC_GetPCLK2Freq
                0x08001f04       0x20 CMakeFiles/ChromeDino.elf.dir/Drivers/STM32F1xx_HAL_Driver/Src/stm32f1xx_hal_rcc.c.obj
                0x08001f04                HAL_RCC_GetPCLK2Freq
 .text.HAL_RCCEx_PeriphCLKConfig
                0x08001f24      0x118 CMakeFiles/ChromeDino.elf.dir/Drivers/STM32F1xx_HAL_Driver/Src/stm32f1xx_hal_rcc_ex.c.obj
                0x08001f24                HAL_RCCEx_PeriphCLKConfig
 .text.HAL_RCCEx_GetPeriphCLKFreq
                0x0800203c       0xd8 CMakeFiles/ChromeDino.elf.dir/Drivers/STM32F1xx_HAL_Driver/Src/stm32f1xx_hal_rcc_ex.c.obj
                0x0800203c                HAL_RCCEx_GetPeriphCLKFreq
 .text.TIM_OC1_SetConfig
                0x08002114       0x5c CMakeFiles/ChromeDino.elf.dir/Drivers/STM32F1xx_HAL_Driver/Src/stm32f1xx_hal_tim.c.obj
 .text.TIM_OC3_SetConfig
                0x08002170       0x64 CMakeFiles/ChromeDino.elf.dir/Drivers/STM32F1xx_HAL_Driver/Src/stm32f1xx_hal_tim.c.obj
 .text.TIM_OC4_SetConfig
                0x080021d4       0x48 CMakeFiles/ChromeDino.elf.dir/Drivers/STM32F1xx_HAL_Driver/Src/stm32f1xx_hal_tim.c.obj
 .text.TIM_TI1_ConfigInputStage
                0x0800221c       0x24 CMakeFiles/ChromeDino.elf.dir/Drivers/STM32F1xx_HAL_Driver/Src/stm32f1xx_hal_tim.c.obj
 .text.TIM_TI2_ConfigInputStage
                0x08002240       0x26 CMakeFiles/ChromeDino.elf.dir/Drivers/STM32F1xx_HAL_Driver/Src/stm32f1xx_hal_tim.c.obj
 .text.TIM_ITRx_SetConfig
                0x08002266       0x10 CMakeFiles/ChromeDino.elf.dir/Drivers/STM32F1xx_HAL_Driver/Src/stm32f1xx_hal_tim.c.obj
 *fill*         0x08002276        0x2 
 .text.HAL_TIM_Base_Start_IT
                0x08002278       0x68 CMakeFiles/ChromeDino.elf.dir/Drivers/STM32F1xx_HAL_Driver/Src/stm32f1xx_hal_tim.c.obj
                0x08002278                HAL_TIM_Base_Start_IT
 .text.HAL_TIM_OC_DelayElapsedCallback
                0x080022e0        0x2 CMakeFiles/ChromeDino.elf.dir/Drivers/STM32F1xx_HAL_Driver/Src/stm32f1xx_hal_tim.c.obj
                0x080022e0                HAL_TIM_OC_DelayElapsedCallback
 .text.HAL_TIM_IC_CaptureCallback
                0x080022e2        0x2 CMakeFiles/ChromeDino.elf.dir/Drivers/STM32F1xx_HAL_Driver/Src/stm32f1xx_hal_tim.c.obj
                0x080022e2                HAL_TIM_IC_CaptureCallback
 .text.HAL_TIM_PWM_PulseFinishedCallback
                0x080022e4        0x2 CMakeFiles/ChromeDino.elf.dir/Drivers/STM32F1xx_HAL_Driver/Src/stm32f1xx_hal_tim.c.obj
                0x080022e4                HAL_TIM_PWM_PulseFinishedCallback
 .text.HAL_TIM_TriggerCallback
                0x080022e6        0x2 CMakeFiles/ChromeDino.elf.dir/Drivers/STM32F1xx_HAL_Driver/Src/stm32f1xx_hal_tim.c.obj
                0x080022e6                HAL_TIM_TriggerCallback
 .text.HAL_TIM_IRQHandler
                0x080022e8      0x15e CMakeFiles/ChromeDino.elf.dir/Drivers/STM32F1xx_HAL_Driver/Src/stm32f1xx_hal_tim.c.obj
                0x080022e8                HAL_TIM_IRQHandler
 *fill*         0x08002446        0x2 
 .text.TIM_Base_SetConfig
                0x08002448       0x84 CMakeFiles/ChromeDino.elf.dir/Drivers/STM32F1xx_HAL_Driver/Src/stm32f1xx_hal_tim.c.obj
                0x08002448                TIM_Base_SetConfig
 .text.HAL_TIM_Base_Init
                0x080024cc       0x58 CMakeFiles/ChromeDino.elf.dir/Drivers/STM32F1xx_HAL_Driver/Src/stm32f1xx_hal_tim.c.obj
                0x080024cc                HAL_TIM_Base_Init
 .text.HAL_TIM_PWM_Init
                0x08002524       0x58 CMakeFiles/ChromeDino.elf.dir/Drivers/STM32F1xx_HAL_Driver/Src/stm32f1xx_hal_tim.c.obj
                0x08002524                HAL_TIM_PWM_Init
 .text.TIM_OC2_SetConfig
                0x0800257c       0x64 CMakeFiles/ChromeDino.elf.dir/Drivers/STM32F1xx_HAL_Driver/Src/stm32f1xx_hal_tim.c.obj
                0x0800257c                TIM_OC2_SetConfig
 .text.HAL_TIM_PWM_ConfigChannel
                0x080025e0       0xdc CMakeFiles/ChromeDino.elf.dir/Drivers/STM32F1xx_HAL_Driver/Src/stm32f1xx_hal_tim.c.obj
                0x080025e0                HAL_TIM_PWM_ConfigChannel
 .text.TIM_ETR_SetConfig
                0x080026bc       0x18 CMakeFiles/ChromeDino.elf.dir/Drivers/STM32F1xx_HAL_Driver/Src/stm32f1xx_hal_tim.c.obj
                0x080026bc                TIM_ETR_SetConfig
 .text.HAL_TIM_ConfigClockSource
                0x080026d4       0xfe CMakeFiles/ChromeDino.elf.dir/Drivers/STM32F1xx_HAL_Driver/Src/stm32f1xx_hal_tim.c.obj
                0x080026d4                HAL_TIM_ConfigClockSource
 .text.TIM_CCxChannelCmd
                0x080027d2       0x1e CMakeFiles/ChromeDino.elf.dir/Drivers/STM32F1xx_HAL_Driver/Src/stm32f1xx_hal_tim.c.obj
                0x080027d2                TIM_CCxChannelCmd
 .text.HAL_TIM_PWM_Start
                0x080027f0       0xdc CMakeFiles/ChromeDino.elf.dir/Drivers/STM32F1xx_HAL_Driver/Src/stm32f1xx_hal_tim.c.obj
                0x080027f0                HAL_TIM_PWM_Start
 .text.HAL_TIMEx_MasterConfigSynchronization
                0x080028cc       0x6c CMakeFiles/ChromeDino.elf.dir/Drivers/STM32F1xx_HAL_Driver/Src/stm32f1xx_hal_tim_ex.c.obj
                0x080028cc                HAL_TIMEx_MasterConfigSynchronization
 .text.HAL_TIMEx_CommutCallback
                0x08002938        0x2 CMakeFiles/ChromeDino.elf.dir/Drivers/STM32F1xx_HAL_Driver/Src/stm32f1xx_hal_tim_ex.c.obj
                0x08002938                HAL_TIMEx_CommutCallback
 .text.HAL_TIMEx_BreakCallback
                0x0800293a        0x2 CMakeFiles/ChromeDino.elf.dir/Drivers/STM32F1xx_HAL_Driver/Src/stm32f1xx_hal_tim_ex.c.obj
                0x0800293a                HAL_TIMEx_BreakCallback
 .text.__libc_init_array
                0x0800293c       0x48 c:/progra~2/gnuarm~1/102021~1.10/bin/../lib/gcc/arm-none-eabi/10.3.1/../../../../arm-none-eabi/lib/thumb/v7-m/nofp\libg.a(lib_a-init.o)
                0x0800293c                __libc_init_array
 .text.memset   0x08002984       0xa4 c:/progra~2/gnuarm~1/102021~1.10/bin/../lib/gcc/arm-none-eabi/10.3.1/../../../../arm-none-eabi/lib/thumb/v7-m/nofp\libg.a(lib_a-memset.o)
                0x08002984                memset
 .text.startup.register_fini
                0x08002a28       0x14 c:/progra~2/gnuarm~1/102021~1.10/bin/../lib/gcc/arm-none-eabi/10.3.1/../../../../arm-none-eabi/lib/thumb/v7-m/nofp\libg.a(lib_a-__call_atexit.o)
 .text.atexit   0x08002a3c        0xc c:/progra~2/gnuarm~1/102021~1.10/bin/../lib/gcc/arm-none-eabi/10.3.1/../../../../arm-none-eabi/lib/thumb/v7-m/nofp\libg.a(lib_a-atexit.o)
                0x08002a3c                atexit
 .text.__libc_fini_array
                0x08002a48       0x2c c:/progra~2/gnuarm~1/102021~1.10/bin/../lib/gcc/arm-none-eabi/10.3.1/../../../../arm-none-eabi/lib/thumb/v7-m/nofp\libg.a(lib_a-fini.o)
                0x08002a48                __libc_fini_array
 .text.__retarget_lock_acquire_recursive
                0x08002a74        0x4 c:/progra~2/gnuarm~1/102021~1.10/bin/../lib/gcc/arm-none-eabi/10.3.1/../../../../arm-none-eabi/lib/thumb/v7-m/nofp\libg.a(lib_a-lock.o)
                0x08002a74                __retarget_lock_acquire_recursive
 .text.__retarget_lock_release_recursive
                0x08002a78        0x4 c:/progra~2/gnuarm~1/102021~1.10/bin/../lib/gcc/arm-none-eabi/10.3.1/../../../../arm-none-eabi/lib/thumb/v7-m/nofp\libg.a(lib_a-lock.o)
                0x08002a78                __retarget_lock_release_recursive
 .text.__register_exitproc
                0x08002a7c       0x8c c:/progra~2/gnuarm~1/102021~1.10/bin/../lib/gcc/arm-none-eabi/10.3.1/../../../../arm-none-eabi/lib/thumb/v7-m/nofp\libg.a(lib_a-__atexit.o)
                0x08002a7c                __register_exitproc
 *(.glue_7)
 .glue_7        0x08002b08        0x0 linker stubs
 *(.glue_7t)
 .glue_7t       0x08002b08        0x0 linker stubs
 *(.eh_frame)
 .eh_frame      0x08002b08        0x0 c:/progra~2/gnuarm~1/102021~1.10/bin/../lib/gcc/arm-none-eabi/10.3.1/thumb/v7-m/nofp/crtbegin.o
 *(.init)
 .init          0x08002b08        0x4 c:/progra~2/gnuarm~1/102021~1.10/bin/../lib/gcc/arm-none-eabi/10.3.1/thumb/v7-m/nofp/crti.o
                0x08002b08                _init
 .init          0x08002b0c        0x8 c:/progra~2/gnuarm~1/102021~1.10/bin/../lib/gcc/arm-none-eabi/10.3.1/thumb/v7-m/nofp/crtn.o
 *(.fini)
 .fini          0x08002b14        0x4 c:/progra~2/gnuarm~1/102021~1.10/bin/../lib/gcc/arm-none-eabi/10.3.1/thumb/v7-m/nofp/crti.o
                0x08002b14                _fini
 .fini          0x08002b18        0x8 c:/progra~2/gnuarm~1/102021~1.10/bin/../lib/gcc/arm-none-eabi/10.3.1/thumb/v7-m/nofp/crtn.o
                0x08002b20                . = ALIGN (0x4)
                0x08002b20                _etext = .

.vfp11_veneer   0x08002b20        0x0
 .vfp11_veneer  0x08002b20        0x0 linker stubs

.v4_bx          0x08002b20        0x0
 .v4_bx         0x08002b20        0x0 linker stubs

.iplt           0x08002b20        0x0
 .iplt          0x08002b20        0x0 c:/progra~2/gnuarm~1/102021~1.10/bin/../lib/gcc/arm-none-eabi/10.3.1/thumb/v7-m/nofp/crtbegin.o

.rodata         0x08002b20       0x44
                0x08002b20                . = ALIGN (0x4)
 *(.rodata)
 *(.rodata*)
 .rodata.AHBPrescTable
                0x08002b20       0x10 CMakeFiles/ChromeDino.elf.dir/Core/Src/system_stm32f1xx.c.obj
                0x08002b20                AHBPrescTable
 .rodata.APBPrescTable
                0x08002b30        0x8 CMakeFiles/ChromeDino.elf.dir/Core/Src/system_stm32f1xx.c.obj
                0x08002b30                APBPrescTable
 .rodata.aPLLMULFactorTable.1
                0x08002b38       0x10 CMakeFiles/ChromeDino.elf.dir/Drivers/STM32F1xx_HAL_Driver/Src/stm32f1xx_hal_rcc.c.obj
 .rodata.aPredivFactorTable.0
                0x08002b48        0x2 CMakeFiles/ChromeDino.elf.dir/Drivers/STM32F1xx_HAL_Driver/Src/stm32f1xx_hal_rcc.c.obj
 *fill*         0x08002b4a        0x2 
 .rodata.aPLLMULFactorTable.1
                0x08002b4c       0x10 CMakeFiles/ChromeDino.elf.dir/Drivers/STM32F1xx_HAL_Driver/Src/stm32f1xx_hal_rcc_ex.c.obj
 .rodata.aPredivFactorTable.0
                0x08002b5c        0x2 CMakeFiles/ChromeDino.elf.dir/Drivers/STM32F1xx_HAL_Driver/Src/stm32f1xx_hal_rcc_ex.c.obj
 *fill*         0x08002b5e        0x2 
 .rodata._global_impure_ptr
                0x08002b60        0x4 c:/progra~2/gnuarm~1/102021~1.10/bin/../lib/gcc/arm-none-eabi/10.3.1/../../../../arm-none-eabi/lib/thumb/v7-m/nofp\libg.a(lib_a-impure.o)
                0x08002b60                _global_impure_ptr
                0x08002b64                . = ALIGN (0x4)

.rel.dyn        0x08002b64        0x0
 .rel.iplt      0x08002b64        0x0 c:/progra~2/gnuarm~1/102021~1.10/bin/../lib/gcc/arm-none-eabi/10.3.1/thumb/v7-m/nofp/crtbegin.o

.ARM.extab
 *(.ARM.extab* .gnu.linkonce.armextab.*)

.ARM            0x08002b64        0x0
                0x08002b64                __exidx_start = .
 *(.ARM.exidx*)
                0x08002b64                __exidx_end = .

.preinit_array  0x08002b64        0x0
                0x08002b64                PROVIDE (__preinit_array_start = .)
 *(.preinit_array*)
                0x08002b64                PROVIDE (__preinit_array_end = .)

.init_array     0x08002b64        0x8
                0x08002b64                PROVIDE (__init_array_start = .)
 *(SORT_BY_NAME(.init_array.*))
 .init_array.00000
                0x08002b64        0x4 c:/progra~2/gnuarm~1/102021~1.10/bin/../lib/gcc/arm-none-eabi/10.3.1/../../../../arm-none-eabi/lib/thumb/v7-m/nofp\libg.a(lib_a-__call_atexit.o)
 *(.init_array*)
 .init_array    0x08002b68        0x4 c:/progra~2/gnuarm~1/102021~1.10/bin/../lib/gcc/arm-none-eabi/10.3.1/thumb/v7-m/nofp/crtbegin.o
                0x08002b6c                PROVIDE (__init_array_end = .)

.fini_array     0x08002b6c        0x4
                0x08002b6c                PROVIDE (__fini_array_start = .)
 *(SORT_BY_NAME(.fini_array.*))
 *(.fini_array*)
 .fini_array    0x08002b6c        0x4 c:/progra~2/gnuarm~1/102021~1.10/bin/../lib/gcc/arm-none-eabi/10.3.1/thumb/v7-m/nofp/crtbegin.o
                0x08002b70                PROVIDE (__fini_array_end = .)
                0x08002b70                _sidata = LOADADDR (.data)

.data           0x20000000      0x43c load address 0x08002b70
                0x20000000                . = ALIGN (0x4)
                0x20000000                _sdata = .
 *(.data)
 *(.data*)
 .data.SystemCoreClock
                0x20000000        0x4 CMakeFiles/ChromeDino.elf.dir/Core/Src/system_stm32f1xx.c.obj
                0x20000000                SystemCoreClock
 .data.uwTickFreq
                0x20000004        0x1 CMakeFiles/ChromeDino.elf.dir/Drivers/STM32F1xx_HAL_Driver/Src/stm32f1xx_hal.c.obj
                0x20000004                uwTickFreq
 *fill*         0x20000005        0x3 
 .data.uwTickPrio
                0x20000008        0x4 CMakeFiles/ChromeDino.elf.dir/Drivers/STM32F1xx_HAL_Driver/Src/stm32f1xx_hal.c.obj
                0x20000008                uwTickPrio
 *fill*         0x2000000c        0x4 
 .data.impure_data
                0x20000010      0x428 c:/progra~2/gnuarm~1/102021~1.10/bin/../lib/gcc/arm-none-eabi/10.3.1/../../../../arm-none-eabi/lib/thumb/v7-m/nofp\libg.a(lib_a-impure.o)
 .data.__atexit_recursive_mutex
                0x20000438        0x4 c:/progra~2/gnuarm~1/102021~1.10/bin/../lib/gcc/arm-none-eabi/10.3.1/../../../../arm-none-eabi/lib/thumb/v7-m/nofp\libg.a(lib_a-__call_atexit.o)
                0x20000438                __atexit_recursive_mutex
                0x2000043c                . = ALIGN (0x4)
                0x2000043c                _edata = .

.igot.plt       0x2000043c        0x0 load address 0x08002fac
 .igot.plt      0x2000043c        0x0 c:/progra~2/gnuarm~1/102021~1.10/bin/../lib/gcc/arm-none-eabi/10.3.1/thumb/v7-m/nofp/crtbegin.o
                0x2000043c                . = ALIGN (0x4)

.bss            0x2000043c       0xf0 load address 0x08002fac
                0x2000043c                _sbss = .
                0x2000043c                __bss_start__ = _sbss
 *(.bss)
 .bss           0x2000043c       0x1c c:/progra~2/gnuarm~1/102021~1.10/bin/../lib/gcc/arm-none-eabi/10.3.1/thumb/v7-m/nofp/crtbegin.o
 *(.bss*)
 .bss.hadc1     0x20000458       0x30 CMakeFiles/ChromeDino.elf.dir/Core/Src/adc.c.obj
                0x20000458                hadc1
 .bss.adc_value
                0x20000488        0x2 CMakeFiles/ChromeDino.elf.dir/Core/Src/main.c.obj
                0x20000488                adc_value
 *fill*         0x2000048a        0x2 
 .bss.down_count
                0x2000048c        0x4 CMakeFiles/ChromeDino.elf.dir/Core/Src/main.c.obj
                0x2000048c                down_count
 .bss.voltage   0x20000490        0x4 CMakeFiles/ChromeDino.elf.dir/Core/Src/main.c.obj
                0x20000490                voltage
 .bss.htim2     0x20000494       0x48 CMakeFiles/ChromeDino.elf.dir/Core/Src/tim.c.obj
                0x20000494                htim2
 .bss.htim3     0x200004dc       0x48 CMakeFiles/ChromeDino.elf.dir/Core/Src/tim.c.obj
                0x200004dc                htim3
 .bss.uwTick    0x20000524        0x4 CMakeFiles/ChromeDino.elf.dir/Drivers/STM32F1xx_HAL_Driver/Src/stm32f1xx_hal.c.obj
                0x20000524                uwTick
 .bss.__lock___atexit_recursive_mutex
                0x20000528        0x1 c:/progra~2/gnuarm~1/102021~1.10/bin/../lib/gcc/arm-none-eabi/10.3.1/../../../../arm-none-eabi/lib/thumb/v7-m/nofp\libg.a(lib_a-lock.o)
                0x20000528                __lock___atexit_recursive_mutex
 *(COMMON)
                0x2000052c                . = ALIGN (0x4)
 *fill*         0x20000529        0x3 
                0x2000052c                _ebss = .
                0x2000052c                __bss_end__ = _ebss

._user_heap_stack
                0x2000052c      0x604 load address 0x08002fac
                0x20000530                . = ALIGN (0x8)
 *fill*         0x2000052c        0x4 
                [!provide]                PROVIDE (end = .)
                0x20000530                PROVIDE (_end = .)
                0x20000730                . = (. + _Min_Heap_Size)
 *fill*         0x20000530      0x200 
                0x20000b30                . = (. + _Min_Stack_Size)
 *fill*         0x20000730      0x400 
                0x20000b30                . = ALIGN (0x8)

/DISCARD/
 libc.a(*)
 libm.a(*)
 libgcc.a(*)
OUTPUT(ChromeDino.elf elf32-littlearm)
LOAD linker stubs
LOAD c:/progra~2/gnuarm~1/102021~1.10/bin/../lib/gcc/arm-none-eabi/10.3.1/../../../../arm-none-eabi/lib/thumb/v7-m/nofp\libc.a
LOAD c:/progra~2/gnuarm~1/102021~1.10/bin/../lib/gcc/arm-none-eabi/10.3.1/../../../../arm-none-eabi/lib/thumb/v7-m/nofp\libm.a
LOAD c:/progra~2/gnuarm~1/102021~1.10/bin/../lib/gcc/arm-none-eabi/10.3.1/thumb/v7-m/nofp\libgcc.a

.ARM.attributes
                0x00000000       0x29
 .ARM.attributes
                0x00000000       0x1d c:/progra~2/gnuarm~1/102021~1.10/bin/../lib/gcc/arm-none-eabi/10.3.1/thumb/v7-m/nofp/crti.o
 .ARM.attributes
                0x0000001d       0x2d c:/progra~2/gnuarm~1/102021~1.10/bin/../lib/gcc/arm-none-eabi/10.3.1/thumb/v7-m/nofp/crtbegin.o
 .ARM.attributes
                0x0000004a       0x2d CMakeFiles/ChromeDino.elf.dir/Core/Src/adc.c.obj
 .ARM.attributes
                0x00000077       0x2d CMakeFiles/ChromeDino.elf.dir/Core/Src/gpio.c.obj
 .ARM.attributes
                0x000000a4       0x2d CMakeFiles/ChromeDino.elf.dir/Core/Src/main.c.obj
 .ARM.attributes
                0x000000d1       0x2d CMakeFiles/ChromeDino.elf.dir/Core/Src/stm32f1xx_hal_msp.c.obj
 .ARM.attributes
                0x000000fe       0x2d CMakeFiles/ChromeDino.elf.dir/Core/Src/stm32f1xx_it.c.obj
 .ARM.attributes
                0x0000012b       0x2d CMakeFiles/ChromeDino.elf.dir/Core/Src/system_stm32f1xx.c.obj
 .ARM.attributes
                0x00000158       0x2d CMakeFiles/ChromeDino.elf.dir/Core/Src/tim.c.obj
 .ARM.attributes
                0x00000185       0x21 CMakeFiles/ChromeDino.elf.dir/Core/Startup/startup_stm32f103c8tx.s.obj
 .ARM.attributes
                0x000001a6       0x2d CMakeFiles/ChromeDino.elf.dir/Drivers/STM32F1xx_HAL_Driver/Src/stm32f1xx_hal.c.obj
 .ARM.attributes
                0x000001d3       0x2d CMakeFiles/ChromeDino.elf.dir/Drivers/STM32F1xx_HAL_Driver/Src/stm32f1xx_hal_adc.c.obj
 .ARM.attributes
                0x00000200       0x2d CMakeFiles/ChromeDino.elf.dir/Drivers/STM32F1xx_HAL_Driver/Src/stm32f1xx_hal_cortex.c.obj
 .ARM.attributes
                0x0000022d       0x2d CMakeFiles/ChromeDino.elf.dir/Drivers/STM32F1xx_HAL_Driver/Src/stm32f1xx_hal_gpio.c.obj
 .ARM.attributes
                0x0000025a       0x2d CMakeFiles/ChromeDino.elf.dir/Drivers/STM32F1xx_HAL_Driver/Src/stm32f1xx_hal_rcc.c.obj
 .ARM.attributes
                0x00000287       0x2d CMakeFiles/ChromeDino.elf.dir/Drivers/STM32F1xx_HAL_Driver/Src/stm32f1xx_hal_rcc_ex.c.obj
 .ARM.attributes
                0x000002b4       0x2d CMakeFiles/ChromeDino.elf.dir/Drivers/STM32F1xx_HAL_Driver/Src/stm32f1xx_hal_tim.c.obj
 .ARM.attributes
                0x000002e1       0x2d CMakeFiles/ChromeDino.elf.dir/Drivers/STM32F1xx_HAL_Driver/Src/stm32f1xx_hal_tim_ex.c.obj
 .ARM.attributes
                0x0000030e       0x1d c:/progra~2/gnuarm~1/102021~1.10/bin/../lib/gcc/arm-none-eabi/10.3.1/thumb/v7-m/nofp\libgcc.a(_arm_addsubdf3.o)
 .ARM.attributes
                0x0000032b       0x1d c:/progra~2/gnuarm~1/102021~1.10/bin/../lib/gcc/arm-none-eabi/10.3.1/thumb/v7-m/nofp\libgcc.a(_arm_cmpdf2.o)
 .ARM.attributes
                0x00000348       0x1d c:/progra~2/gnuarm~1/102021~1.10/bin/../lib/gcc/arm-none-eabi/10.3.1/thumb/v7-m/nofp\libgcc.a(_arm_addsubsf3.o)
 .ARM.attributes
                0x00000365       0x1d c:/progra~2/gnuarm~1/102021~1.10/bin/../lib/gcc/arm-none-eabi/10.3.1/thumb/v7-m/nofp\libgcc.a(_arm_muldivsf3.o)
 .ARM.attributes
                0x00000382       0x2d c:/progra~2/gnuarm~1/102021~1.10/bin/../lib/gcc/arm-none-eabi/10.3.1/../../../../arm-none-eabi/lib/thumb/v7-m/nofp\libg.a(lib_a-impure.o)
 .ARM.attributes
                0x000003af       0x2d c:/progra~2/gnuarm~1/102021~1.10/bin/../lib/gcc/arm-none-eabi/10.3.1/../../../../arm-none-eabi/lib/thumb/v7-m/nofp\libg.a(lib_a-init.o)
 .ARM.attributes
                0x000003dc       0x2d c:/progra~2/gnuarm~1/102021~1.10/bin/../lib/gcc/arm-none-eabi/10.3.1/../../../../arm-none-eabi/lib/thumb/v7-m/nofp\libg.a(lib_a-memset.o)
 .ARM.attributes
                0x00000409       0x2d c:/progra~2/gnuarm~1/102021~1.10/bin/../lib/gcc/arm-none-eabi/10.3.1/../../../../arm-none-eabi/lib/thumb/v7-m/nofp\libg.a(lib_a-__call_atexit.o)
 .ARM.attributes
                0x00000436       0x2d c:/progra~2/gnuarm~1/102021~1.10/bin/../lib/gcc/arm-none-eabi/10.3.1/../../../../arm-none-eabi/lib/thumb/v7-m/nofp\libg.a(lib_a-atexit.o)
 .ARM.attributes
                0x00000463       0x2d c:/progra~2/gnuarm~1/102021~1.10/bin/../lib/gcc/arm-none-eabi/10.3.1/../../../../arm-none-eabi/lib/thumb/v7-m/nofp\libg.a(lib_a-fini.o)
 .ARM.attributes
                0x00000490       0x2d c:/progra~2/gnuarm~1/102021~1.10/bin/../lib/gcc/arm-none-eabi/10.3.1/../../../../arm-none-eabi/lib/thumb/v7-m/nofp\libg.a(lib_a-lock.o)
 .ARM.attributes
                0x000004bd       0x2d c:/progra~2/gnuarm~1/102021~1.10/bin/../lib/gcc/arm-none-eabi/10.3.1/../../../../arm-none-eabi/lib/thumb/v7-m/nofp\libg.a(lib_a-__atexit.o)
 .ARM.attributes
                0x000004ea       0x1d c:/progra~2/gnuarm~1/102021~1.10/bin/../lib/gcc/arm-none-eabi/10.3.1/thumb/v7-m/nofp/crtn.o

.comment        0x00000000       0x49
 .comment       0x00000000       0x49 CMakeFiles/ChromeDino.elf.dir/Core/Src/adc.c.obj
                                 0x4a (size before relaxing)
 .comment       0x00000049       0x4a CMakeFiles/ChromeDino.elf.dir/Core/Src/gpio.c.obj
 .comment       0x00000049       0x4a CMakeFiles/ChromeDino.elf.dir/Core/Src/main.c.obj
 .comment       0x00000049       0x4a CMakeFiles/ChromeDino.elf.dir/Core/Src/stm32f1xx_hal_msp.c.obj
 .comment       0x00000049       0x4a CMakeFiles/ChromeDino.elf.dir/Core/Src/stm32f1xx_it.c.obj
 .comment       0x00000049       0x4a CMakeFiles/ChromeDino.elf.dir/Core/Src/system_stm32f1xx.c.obj
 .comment       0x00000049       0x4a CMakeFiles/ChromeDino.elf.dir/Core/Src/tim.c.obj
 .comment       0x00000049       0x4a CMakeFiles/ChromeDino.elf.dir/Drivers/STM32F1xx_HAL_Driver/Src/stm32f1xx_hal.c.obj
 .comment       0x00000049       0x4a CMakeFiles/ChromeDino.elf.dir/Drivers/STM32F1xx_HAL_Driver/Src/stm32f1xx_hal_adc.c.obj
 .comment       0x00000049       0x4a CMakeFiles/ChromeDino.elf.dir/Drivers/STM32F1xx_HAL_Driver/Src/stm32f1xx_hal_cortex.c.obj
 .comment       0x00000049       0x4a CMakeFiles/ChromeDino.elf.dir/Drivers/STM32F1xx_HAL_Driver/Src/stm32f1xx_hal_gpio.c.obj
 .comment       0x00000049       0x4a CMakeFiles/ChromeDino.elf.dir/Drivers/STM32F1xx_HAL_Driver/Src/stm32f1xx_hal_rcc.c.obj
 .comment       0x00000049       0x4a CMakeFiles/ChromeDino.elf.dir/Drivers/STM32F1xx_HAL_Driver/Src/stm32f1xx_hal_rcc_ex.c.obj
 .comment       0x00000049       0x4a CMakeFiles/ChromeDino.elf.dir/Drivers/STM32F1xx_HAL_Driver/Src/stm32f1xx_hal_tim.c.obj
 .comment       0x00000049       0x4a CMakeFiles/ChromeDino.elf.dir/Drivers/STM32F1xx_HAL_Driver/Src/stm32f1xx_hal_tim_ex.c.obj

.debug_info     0x00000000     0xc26c
 .debug_info    0x00000000      0x860 CMakeFiles/ChromeDino.elf.dir/Core/Src/adc.c.obj
 .debug_info    0x00000860      0x17c CMakeFiles/ChromeDino.elf.dir/Core/Src/gpio.c.obj
 .debug_info    0x000009dc      0xe02 CMakeFiles/ChromeDino.elf.dir/Core/Src/main.c.obj
 .debug_info    0x000017de      0x211 CMakeFiles/ChromeDino.elf.dir/Core/Src/stm32f1xx_hal_msp.c.obj
 .debug_info    0x000019ef      0x6ff CMakeFiles/ChromeDino.elf.dir/Core/Src/stm32f1xx_it.c.obj
 .debug_info    0x000020ee      0x248 CMakeFiles/ChromeDino.elf.dir/Core/Src/system_stm32f1xx.c.obj
 .debug_info    0x00002336      0xd79 CMakeFiles/ChromeDino.elf.dir/Core/Src/tim.c.obj
 .debug_info    0x000030af       0x22 CMakeFiles/ChromeDino.elf.dir/Core/Startup/startup_stm32f103c8tx.s.obj
 .debug_info    0x000030d1      0x7a8 CMakeFiles/ChromeDino.elf.dir/Drivers/STM32F1xx_HAL_Driver/Src/stm32f1xx_hal.c.obj
 .debug_info    0x00003879      0xf3f CMakeFiles/ChromeDino.elf.dir/Drivers/STM32F1xx_HAL_Driver/Src/stm32f1xx_hal_adc.c.obj
 .debug_info    0x000047b8      0xd8a CMakeFiles/ChromeDino.elf.dir/Drivers/STM32F1xx_HAL_Driver/Src/stm32f1xx_hal_cortex.c.obj
 .debug_info    0x00005542      0x66f CMakeFiles/ChromeDino.elf.dir/Drivers/STM32F1xx_HAL_Driver/Src/stm32f1xx_hal_gpio.c.obj
 .debug_info    0x00005bb1      0xa3b CMakeFiles/ChromeDino.elf.dir/Drivers/STM32F1xx_HAL_Driver/Src/stm32f1xx_hal_rcc.c.obj
 .debug_info    0x000065ec      0x449 CMakeFiles/ChromeDino.elf.dir/Drivers/STM32F1xx_HAL_Driver/Src/stm32f1xx_hal_rcc_ex.c.obj
 .debug_info    0x00006a35     0x3d7c CMakeFiles/ChromeDino.elf.dir/Drivers/STM32F1xx_HAL_Driver/Src/stm32f1xx_hal_tim.c.obj
 .debug_info    0x0000a7b1     0x1abb CMakeFiles/ChromeDino.elf.dir/Drivers/STM32F1xx_HAL_Driver/Src/stm32f1xx_hal_tim_ex.c.obj

.debug_abbrev   0x00000000     0x1cd3
 .debug_abbrev  0x00000000      0x1c1 CMakeFiles/ChromeDino.elf.dir/Core/Src/adc.c.obj
 .debug_abbrev  0x000001c1       0xbf CMakeFiles/ChromeDino.elf.dir/Core/Src/gpio.c.obj
 .debug_abbrev  0x00000280      0x2ac CMakeFiles/ChromeDino.elf.dir/Core/Src/main.c.obj
 .debug_abbrev  0x0000052c       0xe5 CMakeFiles/ChromeDino.elf.dir/Core/Src/stm32f1xx_hal_msp.c.obj
 .debug_abbrev  0x00000611      0x179 CMakeFiles/ChromeDino.elf.dir/Core/Src/stm32f1xx_it.c.obj
 .debug_abbrev  0x0000078a      0x13e CMakeFiles/ChromeDino.elf.dir/Core/Src/system_stm32f1xx.c.obj
 .debug_abbrev  0x000008c8      0x209 CMakeFiles/ChromeDino.elf.dir/Core/Src/tim.c.obj
 .debug_abbrev  0x00000ad1       0x12 CMakeFiles/ChromeDino.elf.dir/Core/Startup/startup_stm32f103c8tx.s.obj
 .debug_abbrev  0x00000ae3      0x1f4 CMakeFiles/ChromeDino.elf.dir/Drivers/STM32F1xx_HAL_Driver/Src/stm32f1xx_hal.c.obj
 .debug_abbrev  0x00000cd7      0x1fc CMakeFiles/ChromeDino.elf.dir/Drivers/STM32F1xx_HAL_Driver/Src/stm32f1xx_hal_adc.c.obj
 .debug_abbrev  0x00000ed3      0x341 CMakeFiles/ChromeDino.elf.dir/Drivers/STM32F1xx_HAL_Driver/Src/stm32f1xx_hal_cortex.c.obj
 .debug_abbrev  0x00001214      0x1e6 CMakeFiles/ChromeDino.elf.dir/Drivers/STM32F1xx_HAL_Driver/Src/stm32f1xx_hal_gpio.c.obj
 .debug_abbrev  0x000013fa      0x27a CMakeFiles/ChromeDino.elf.dir/Drivers/STM32F1xx_HAL_Driver/Src/stm32f1xx_hal_rcc.c.obj
 .debug_abbrev  0x00001674      0x1d2 CMakeFiles/ChromeDino.elf.dir/Drivers/STM32F1xx_HAL_Driver/Src/stm32f1xx_hal_rcc_ex.c.obj
 .debug_abbrev  0x00001846      0x245 CMakeFiles/ChromeDino.elf.dir/Drivers/STM32F1xx_HAL_Driver/Src/stm32f1xx_hal_tim.c.obj
 .debug_abbrev  0x00001a8b      0x248 CMakeFiles/ChromeDino.elf.dir/Drivers/STM32F1xx_HAL_Driver/Src/stm32f1xx_hal_tim_ex.c.obj

.debug_loc      0x00000000     0x926f
 .debug_loc     0x00000000       0x84 CMakeFiles/ChromeDino.elf.dir/Core/Src/adc.c.obj
 .debug_loc     0x00000084       0x42 CMakeFiles/ChromeDino.elf.dir/Core/Src/main.c.obj
 .debug_loc     0x000000c6       0x15 CMakeFiles/ChromeDino.elf.dir/Core/Src/stm32f1xx_hal_msp.c.obj
 .debug_loc     0x000000db       0xff CMakeFiles/ChromeDino.elf.dir/Core/Src/system_stm32f1xx.c.obj
 .debug_loc     0x000001da       0xa9 CMakeFiles/ChromeDino.elf.dir/Core/Src/tim.c.obj
 .debug_loc     0x00000283      0x141 CMakeFiles/ChromeDino.elf.dir/Drivers/STM32F1xx_HAL_Driver/Src/stm32f1xx_hal.c.obj
 .debug_loc     0x000003c4      0xb03 CMakeFiles/ChromeDino.elf.dir/Drivers/STM32F1xx_HAL_Driver/Src/stm32f1xx_hal_adc.c.obj
 .debug_loc     0x00000ec7      0x71f CMakeFiles/ChromeDino.elf.dir/Drivers/STM32F1xx_HAL_Driver/Src/stm32f1xx_hal_cortex.c.obj
 .debug_loc     0x000015e6      0x47d CMakeFiles/ChromeDino.elf.dir/Drivers/STM32F1xx_HAL_Driver/Src/stm32f1xx_hal_gpio.c.obj
 .debug_loc     0x00001a63      0x618 CMakeFiles/ChromeDino.elf.dir/Drivers/STM32F1xx_HAL_Driver/Src/stm32f1xx_hal_rcc.c.obj
 .debug_loc     0x0000207b      0x43d CMakeFiles/ChromeDino.elf.dir/Drivers/STM32F1xx_HAL_Driver/Src/stm32f1xx_hal_rcc_ex.c.obj
 .debug_loc     0x000024b8     0x5124 CMakeFiles/ChromeDino.elf.dir/Drivers/STM32F1xx_HAL_Driver/Src/stm32f1xx_hal_tim.c.obj
 .debug_loc     0x000075dc     0x1c93 CMakeFiles/ChromeDino.elf.dir/Drivers/STM32F1xx_HAL_Driver/Src/stm32f1xx_hal_tim_ex.c.obj

.debug_aranges  0x00000000      0xa78
 .debug_aranges
                0x00000000       0x30 CMakeFiles/ChromeDino.elf.dir/Core/Src/adc.c.obj
 .debug_aranges
                0x00000030       0x20 CMakeFiles/ChromeDino.elf.dir/Core/Src/gpio.c.obj
 .debug_aranges
                0x00000050       0x50 CMakeFiles/ChromeDino.elf.dir/Core/Src/main.c.obj
 .debug_aranges
                0x000000a0       0x20 CMakeFiles/ChromeDino.elf.dir/Core/Src/stm32f1xx_hal_msp.c.obj
 .debug_aranges
                0x000000c0       0x68 CMakeFiles/ChromeDino.elf.dir/Core/Src/stm32f1xx_it.c.obj
 .debug_aranges
                0x00000128       0x28 CMakeFiles/ChromeDino.elf.dir/Core/Src/system_stm32f1xx.c.obj
 .debug_aranges
                0x00000150       0x50 CMakeFiles/ChromeDino.elf.dir/Core/Src/tim.c.obj
 .debug_aranges
                0x000001a0       0x28 CMakeFiles/ChromeDino.elf.dir/Core/Startup/startup_stm32f103c8tx.s.obj
 .debug_aranges
                0x000001c8       0xe0 CMakeFiles/ChromeDino.elf.dir/Drivers/STM32F1xx_HAL_Driver/Src/stm32f1xx_hal.c.obj
 .debug_aranges
                0x000002a8       0xf0 CMakeFiles/ChromeDino.elf.dir/Drivers/STM32F1xx_HAL_Driver/Src/stm32f1xx_hal_adc.c.obj
 .debug_aranges
                0x00000398       0x90 CMakeFiles/ChromeDino.elf.dir/Drivers/STM32F1xx_HAL_Driver/Src/stm32f1xx_hal_cortex.c.obj
 .debug_aranges
                0x00000428       0x58 CMakeFiles/ChromeDino.elf.dir/Drivers/STM32F1xx_HAL_Driver/Src/stm32f1xx_hal_gpio.c.obj
 .debug_aranges
                0x00000480       0x90 CMakeFiles/ChromeDino.elf.dir/Drivers/STM32F1xx_HAL_Driver/Src/stm32f1xx_hal_rcc.c.obj
 .debug_aranges
                0x00000510       0x30 CMakeFiles/ChromeDino.elf.dir/Drivers/STM32F1xx_HAL_Driver/Src/stm32f1xx_hal_rcc_ex.c.obj
 .debug_aranges
                0x00000540      0x3d0 CMakeFiles/ChromeDino.elf.dir/Drivers/STM32F1xx_HAL_Driver/Src/stm32f1xx_hal_tim.c.obj
 .debug_aranges
                0x00000910      0x168 CMakeFiles/ChromeDino.elf.dir/Drivers/STM32F1xx_HAL_Driver/Src/stm32f1xx_hal_tim_ex.c.obj

.debug_ranges   0x00000000      0xa18
 .debug_ranges  0x00000000       0x20 CMakeFiles/ChromeDino.elf.dir/Core/Src/adc.c.obj
 .debug_ranges  0x00000020       0x10 CMakeFiles/ChromeDino.elf.dir/Core/Src/gpio.c.obj
 .debug_ranges  0x00000030       0x40 CMakeFiles/ChromeDino.elf.dir/Core/Src/main.c.obj
 .debug_ranges  0x00000070       0x10 CMakeFiles/ChromeDino.elf.dir/Core/Src/stm32f1xx_hal_msp.c.obj
 .debug_ranges  0x00000080       0x58 CMakeFiles/ChromeDino.elf.dir/Core/Src/stm32f1xx_it.c.obj
 .debug_ranges  0x000000d8       0x18 CMakeFiles/ChromeDino.elf.dir/Core/Src/system_stm32f1xx.c.obj
 .debug_ranges  0x000000f0       0x40 CMakeFiles/ChromeDino.elf.dir/Core/Src/tim.c.obj
 .debug_ranges  0x00000130       0x20 CMakeFiles/ChromeDino.elf.dir/Core/Startup/startup_stm32f103c8tx.s.obj
 .debug_ranges  0x00000150       0xd0 CMakeFiles/ChromeDino.elf.dir/Drivers/STM32F1xx_HAL_Driver/Src/stm32f1xx_hal.c.obj
 .debug_ranges  0x00000220       0xe0 CMakeFiles/ChromeDino.elf.dir/Drivers/STM32F1xx_HAL_Driver/Src/stm32f1xx_hal_adc.c.obj
 .debug_ranges  0x00000300       0xe0 CMakeFiles/ChromeDino.elf.dir/Drivers/STM32F1xx_HAL_Driver/Src/stm32f1xx_hal_cortex.c.obj
 .debug_ranges  0x000003e0       0x48 CMakeFiles/ChromeDino.elf.dir/Drivers/STM32F1xx_HAL_Driver/Src/stm32f1xx_hal_gpio.c.obj
 .debug_ranges  0x00000428       0xa0 CMakeFiles/ChromeDino.elf.dir/Drivers/STM32F1xx_HAL_Driver/Src/stm32f1xx_hal_rcc.c.obj
 .debug_ranges  0x000004c8       0x38 CMakeFiles/ChromeDino.elf.dir/Drivers/STM32F1xx_HAL_Driver/Src/stm32f1xx_hal_rcc_ex.c.obj
 .debug_ranges  0x00000500      0x3c0 CMakeFiles/ChromeDino.elf.dir/Drivers/STM32F1xx_HAL_Driver/Src/stm32f1xx_hal_tim.c.obj
 .debug_ranges  0x000008c0      0x158 CMakeFiles/ChromeDino.elf.dir/Drivers/STM32F1xx_HAL_Driver/Src/stm32f1xx_hal_tim_ex.c.obj

.debug_line     0x00000000     0xaf74
 .debug_line    0x00000000      0x373 CMakeFiles/ChromeDino.elf.dir/Core/Src/adc.c.obj
 .debug_line    0x00000373      0x183 CMakeFiles/ChromeDino.elf.dir/Core/Src/gpio.c.obj
 .debug_line    0x000004f6      0x546 CMakeFiles/ChromeDino.elf.dir/Core/Src/main.c.obj
 .debug_line    0x00000a3c      0x196 CMakeFiles/ChromeDino.elf.dir/Core/Src/stm32f1xx_hal_msp.c.obj
 .debug_line    0x00000bd2      0x334 CMakeFiles/ChromeDino.elf.dir/Core/Src/stm32f1xx_it.c.obj
 .debug_line    0x00000f06      0x260 CMakeFiles/ChromeDino.elf.dir/Core/Src/system_stm32f1xx.c.obj
 .debug_line    0x00001166      0x4dc CMakeFiles/ChromeDino.elf.dir/Core/Src/tim.c.obj
 .debug_line    0x00001642       0xb0 CMakeFiles/ChromeDino.elf.dir/Core/Startup/startup_stm32f103c8tx.s.obj
 .debug_line    0x000016f2      0x5a2 CMakeFiles/ChromeDino.elf.dir/Drivers/STM32F1xx_HAL_Driver/Src/stm32f1xx_hal.c.obj
 .debug_line    0x00001c94      0xf34 CMakeFiles/ChromeDino.elf.dir/Drivers/STM32F1xx_HAL_Driver/Src/stm32f1xx_hal_adc.c.obj
 .debug_line    0x00002bc8      0x680 CMakeFiles/ChromeDino.elf.dir/Drivers/STM32F1xx_HAL_Driver/Src/stm32f1xx_hal_cortex.c.obj
 .debug_line    0x00003248      0x628 CMakeFiles/ChromeDino.elf.dir/Drivers/STM32F1xx_HAL_Driver/Src/stm32f1xx_hal_gpio.c.obj
 .debug_line    0x00003870      0xc65 CMakeFiles/ChromeDino.elf.dir/Drivers/STM32F1xx_HAL_Driver/Src/stm32f1xx_hal_rcc.c.obj
 .debug_line    0x000044d5      0x4da CMakeFiles/ChromeDino.elf.dir/Drivers/STM32F1xx_HAL_Driver/Src/stm32f1xx_hal_rcc_ex.c.obj
 .debug_line    0x000049af     0x49b3 CMakeFiles/ChromeDino.elf.dir/Drivers/STM32F1xx_HAL_Driver/Src/stm32f1xx_hal_tim.c.obj
 .debug_line    0x00009362     0x1c12 CMakeFiles/ChromeDino.elf.dir/Drivers/STM32F1xx_HAL_Driver/Src/stm32f1xx_hal_tim_ex.c.obj

.debug_str      0x00000000     0x357a
 .debug_str     0x00000000      0x5e6 CMakeFiles/ChromeDino.elf.dir/Core/Src/adc.c.obj
                                0x671 (size before relaxing)
 .debug_str     0x000005e6       0x4a CMakeFiles/ChromeDino.elf.dir/Core/Src/gpio.c.obj
                                0x237 (size before relaxing)
 .debug_str     0x00000630      0x621 CMakeFiles/ChromeDino.elf.dir/Core/Src/main.c.obj
                                0xb76 (size before relaxing)
 .debug_str     0x00000c51       0x84 CMakeFiles/ChromeDino.elf.dir/Core/Src/stm32f1xx_hal_msp.c.obj
                                0x271 (size before relaxing)
 .debug_str     0x00000cd5      0x104 CMakeFiles/ChromeDino.elf.dir/Core/Src/stm32f1xx_it.c.obj
                                0x765 (size before relaxing)
 .debug_str     0x00000dd9       0xb2 CMakeFiles/ChromeDino.elf.dir/Core/Src/system_stm32f1xx.c.obj
                                0x2a6 (size before relaxing)
 .debug_str     0x00000e8b      0x55d CMakeFiles/ChromeDino.elf.dir/Core/Src/tim.c.obj
                                0xcc9 (size before relaxing)
 .debug_str     0x000013e8       0x60 CMakeFiles/ChromeDino.elf.dir/Core/Startup/startup_stm32f103c8tx.s.obj
                                 0x9f (size before relaxing)
 .debug_str     0x00001448      0x32e CMakeFiles/ChromeDino.elf.dir/Drivers/STM32F1xx_HAL_Driver/Src/stm32f1xx_hal.c.obj
                                0x876 (size before relaxing)
 .debug_str     0x00001776      0x32b CMakeFiles/ChromeDino.elf.dir/Drivers/STM32F1xx_HAL_Driver/Src/stm32f1xx_hal_adc.c.obj
                                0x92c (size before relaxing)
 .debug_str     0x00001aa1      0x3c8 CMakeFiles/ChromeDino.elf.dir/Drivers/STM32F1xx_HAL_Driver/Src/stm32f1xx_hal_cortex.c.obj
                                0x925 (size before relaxing)
 .debug_str     0x00001e69      0x172 CMakeFiles/ChromeDino.elf.dir/Drivers/STM32F1xx_HAL_Driver/Src/stm32f1xx_hal_gpio.c.obj
                                0x452 (size before relaxing)
 .debug_str     0x00001fdb      0x20f CMakeFiles/ChromeDino.elf.dir/Drivers/STM32F1xx_HAL_Driver/Src/stm32f1xx_hal_rcc.c.obj
                                0x67d (size before relaxing)
 .debug_str     0x000021ea       0xae CMakeFiles/ChromeDino.elf.dir/Drivers/STM32F1xx_HAL_Driver/Src/stm32f1xx_hal_rcc_ex.c.obj
                                0x425 (size before relaxing)
 .debug_str     0x00002298      0xd94 CMakeFiles/ChromeDino.elf.dir/Drivers/STM32F1xx_HAL_Driver/Src/stm32f1xx_hal_tim.c.obj
                               0x16a1 (size before relaxing)
 .debug_str     0x0000302c      0x54e CMakeFiles/ChromeDino.elf.dir/Drivers/STM32F1xx_HAL_Driver/Src/stm32f1xx_hal_tim_ex.c.obj
                                0xe92 (size before relaxing)

.debug_frame    0x00000000     0x1e98
 .debug_frame   0x00000000       0x68 CMakeFiles/ChromeDino.elf.dir/Core/Src/adc.c.obj
 .debug_frame   0x00000068       0x28 CMakeFiles/ChromeDino.elf.dir/Core/Src/gpio.c.obj
 .debug_frame   0x00000090       0xac CMakeFiles/ChromeDino.elf.dir/Core/Src/main.c.obj
 .debug_frame   0x0000013c       0x28 CMakeFiles/ChromeDino.elf.dir/Core/Src/stm32f1xx_hal_msp.c.obj
 .debug_frame   0x00000164       0xc0 CMakeFiles/ChromeDino.elf.dir/Core/Src/stm32f1xx_it.c.obj
 .debug_frame   0x00000224       0x30 CMakeFiles/ChromeDino.elf.dir/Core/Src/system_stm32f1xx.c.obj
 .debug_frame   0x00000254       0xcc CMakeFiles/ChromeDino.elf.dir/Core/Src/tim.c.obj
 .debug_frame   0x00000320      0x1cc CMakeFiles/ChromeDino.elf.dir/Drivers/STM32F1xx_HAL_Driver/Src/stm32f1xx_hal.c.obj
 .debug_frame   0x000004ec      0x2c8 CMakeFiles/ChromeDino.elf.dir/Drivers/STM32F1xx_HAL_Driver/Src/stm32f1xx_hal_adc.c.obj
 .debug_frame   0x000007b4      0x118 CMakeFiles/ChromeDino.elf.dir/Drivers/STM32F1xx_HAL_Driver/Src/stm32f1xx_hal_cortex.c.obj
 .debug_frame   0x000008cc       0xe4 CMakeFiles/ChromeDino.elf.dir/Drivers/STM32F1xx_HAL_Driver/Src/stm32f1xx_hal_gpio.c.obj
 .debug_frame   0x000009b0      0x184 CMakeFiles/ChromeDino.elf.dir/Drivers/STM32F1xx_HAL_Driver/Src/stm32f1xx_hal_rcc.c.obj
 .debug_frame   0x00000b34       0x5c CMakeFiles/ChromeDino.elf.dir/Drivers/STM32F1xx_HAL_Driver/Src/stm32f1xx_hal_rcc_ex.c.obj
 .debug_frame   0x00000b90      0xb1c CMakeFiles/ChromeDino.elf.dir/Drivers/STM32F1xx_HAL_Driver/Src/stm32f1xx_hal_tim.c.obj
 .debug_frame   0x000016ac      0x40c CMakeFiles/ChromeDino.elf.dir/Drivers/STM32F1xx_HAL_Driver/Src/stm32f1xx_hal_tim_ex.c.obj
 .debug_frame   0x00001ab8       0xac c:/progra~2/gnuarm~1/102021~1.10/bin/../lib/gcc/arm-none-eabi/10.3.1/thumb/v7-m/nofp\libgcc.a(_arm_addsubdf3.o)
 .debug_frame   0x00001b64       0xc4 c:/progra~2/gnuarm~1/102021~1.10/bin/../lib/gcc/arm-none-eabi/10.3.1/thumb/v7-m/nofp\libgcc.a(_arm_cmpdf2.o)
 .debug_frame   0x00001c28       0x4c c:/progra~2/gnuarm~1/102021~1.10/bin/../lib/gcc/arm-none-eabi/10.3.1/thumb/v7-m/nofp\libgcc.a(_arm_addsubsf3.o)
 .debug_frame   0x00001c74       0x38 c:/progra~2/gnuarm~1/102021~1.10/bin/../lib/gcc/arm-none-eabi/10.3.1/thumb/v7-m/nofp\libgcc.a(_arm_muldivsf3.o)
 .debug_frame   0x00001cac       0x2c c:/progra~2/gnuarm~1/102021~1.10/bin/../lib/gcc/arm-none-eabi/10.3.1/../../../../arm-none-eabi/lib/thumb/v7-m/nofp\libg.a(lib_a-init.o)
 .debug_frame   0x00001cd8       0x2c c:/progra~2/gnuarm~1/102021~1.10/bin/../lib/gcc/arm-none-eabi/10.3.1/../../../../arm-none-eabi/lib/thumb/v7-m/nofp\libg.a(lib_a-memset.o)
 .debug_frame   0x00001d04       0x5c c:/progra~2/gnuarm~1/102021~1.10/bin/../lib/gcc/arm-none-eabi/10.3.1/../../../../arm-none-eabi/lib/thumb/v7-m/nofp\libg.a(lib_a-__call_atexit.o)
 .debug_frame   0x00001d60       0x20 c:/progra~2/gnuarm~1/102021~1.10/bin/../lib/gcc/arm-none-eabi/10.3.1/../../../../arm-none-eabi/lib/thumb/v7-m/nofp\libg.a(lib_a-atexit.o)
 .debug_frame   0x00001d80       0x34 c:/progra~2/gnuarm~1/102021~1.10/bin/../lib/gcc/arm-none-eabi/10.3.1/../../../../arm-none-eabi/lib/thumb/v7-m/nofp\libg.a(lib_a-fini.o)
 .debug_frame   0x00001db4       0xb0 c:/progra~2/gnuarm~1/102021~1.10/bin/../lib/gcc/arm-none-eabi/10.3.1/../../../../arm-none-eabi/lib/thumb/v7-m/nofp\libg.a(lib_a-lock.o)
 .debug_frame   0x00001e64       0x34 c:/progra~2/gnuarm~1/102021~1.10/bin/../lib/gcc/arm-none-eabi/10.3.1/../../../../arm-none-eabi/lib/thumb/v7-m/nofp\libg.a(lib_a-__atexit.o)
